<html>
<body>
<pre>
<h1>µVision Build Log</h1>
<h2>Project:</h2>
E:\SVC\SVC.uvproj
Project File Date:  01/20/2014

<h2>Output:</h2>
Rebuild target 'SVC SIM'
assembling startup_LPC17xx.s...
compiling main_svc.c...
compiling system_LPC17xx.c...
compiling uart_polling.c...
compiling printf.c...
compiling rtx.c...
compiling HAL.c...
compiling memory.c...
src\memory.c(18): warning:  #1296-D: extended constant initialiser used
src\memory.c(29): error:  #513: a value of type "mem_blk_t *" cannot be assigned to an entity of type "int"
src\memory.c(30): error:  #513: a value of type "int" cannot be assigned to an entity of type "mem_blk_t"
Target not created
Rebuild target 'SVC SIM'
assembling startup_LPC17xx.s...
compiling main_svc.c...
compiling system_LPC17xx.c...
compiling uart_polling.c...
compiling printf.c...
compiling rtx.c...
compiling HAL.c...
compiling memory.c...
src\memory.c(18): warning:  #1296-D: extended constant initialiser used
src\memory.c(29): error:  #513: a value of type "mem_blk_t *" cannot be assigned to an entity of type "int"
Target not created
Rebuild target 'SVC SIM'
assembling startup_LPC17xx.s...
compiling main_svc.c...
compiling system_LPC17xx.c...
compiling uart_polling.c...
compiling printf.c...
compiling rtx.c...
compiling HAL.c...
compiling memory.c...
src\memory.c(18): warning:  #1296-D: extended constant initialiser used
src\memory.c(29): error:  #513: a value of type "mem_blk_t *" cannot be assigned to an entity of type "unsigned int"
Target not created
Rebuild target 'SVC SIM'
assembling startup_LPC17xx.s...
compiling main_svc.c...
compiling system_LPC17xx.c...
compiling uart_polling.c...
compiling printf.c...
compiling rtx.c...
compiling HAL.c...
compiling memory.c...
src\memory.c(18): warning:  #1296-D: extended constant initialiser used
src\memory.c(29): error:  #42: operand types are incompatible ("mem_blk_t *" and "unsigned int")
Target not created
Rebuild target 'SVC SIM'
assembling startup_LPC17xx.s...
compiling main_svc.c...
compiling system_LPC17xx.c...
compiling uart_polling.c...
compiling printf.c...
compiling rtx.c...
compiling HAL.c...
compiling memory.c...
src\memory.c(18): warning:  #1296-D: extended constant initialiser used
linking...
Program Size: Code=2312 RO-data=352 RW-data=24 ZI-data=512  
".\flash\SVC.axf" - 0 Error(s), 1 Warning(s).
Rebuild target 'SVC SIM'
assembling startup_LPC17xx.s...
compiling main_svc.c...
compiling system_LPC17xx.c...
compiling uart_polling.c...
compiling printf.c...
compiling rtx.c...
compiling HAL.c...
compiling memory.c...
src\memory.c(18): warning:  #1296-D: extended constant initialiser used
linking...
Program Size: Code=2312 RO-data=352 RW-data=24 ZI-data=512  
".\flash\SVC.axf" - 0 Error(s), 1 Warning(s).
Rebuild target 'SVC SIM'
assembling startup_LPC17xx.s...
compiling main_svc.c...
compiling system_LPC17xx.c...
compiling uart_polling.c...
compiling printf.c...
compiling rtx.c...
compiling HAL.c...
compiling memory.c...
src\memory.c(18): warning:  #1296-D: extended constant initialiser used
src\memory.c(20): error:  #65: expected a ";"
src\memory.c(27): error:  #513: a value of type "mem_blk_t *" cannot be assigned to an entity of type "unsigned int"
src\memory.c(84): error:  #42: operand types are incompatible ("void *" and "unsigned int")
src\memory.c(84): error:  #42: operand types are incompatible ("void *" and "unsigned int")
Target not created
Rebuild target 'SVC SIM'
assembling startup_LPC17xx.s...
compiling main_svc.c...
compiling system_LPC17xx.c...
compiling uart_polling.c...
compiling printf.c...
compiling rtx.c...
compiling HAL.c...
compiling memory.c...
src\memory.c(18): warning:  #1296-D: extended constant initialiser used
src\memory.c(20): error:  #65: expected a ";"
src\memory.c(27): error:  #513: a value of type "mem_blk_t *" cannot be assigned to an entity of type "unsigned int"
src\memory.c(84): error:  #42: operand types are incompatible ("void *" and "unsigned int")
src\memory.c(84): error:  #42: operand types are incompatible ("void *" and "unsigned int")
Target not created
Rebuild target 'SVC SIM'
assembling startup_LPC17xx.s...
compiling main_svc.c...
compiling system_LPC17xx.c...
compiling uart_polling.c...
compiling printf.c...
compiling rtx.c...
compiling HAL.c...
compiling memory.c...
src\memory.c(18): warning:  #1296-D: extended constant initialiser used
src\memory.c(20): error:  #28: expression must have a constant value
src\memory.c(27): error:  #513: a value of type "mem_blk_t *" cannot be assigned to an entity of type "unsigned int"
src\memory.c(84): error:  #42: operand types are incompatible ("void *" and "unsigned int")
src\memory.c(84): error:  #42: operand types are incompatible ("void *" and "unsigned int")
Target not created
Rebuild target 'SVC SIM'
assembling startup_LPC17xx.s...
compiling main_svc.c...
compiling system_LPC17xx.c...
compiling uart_polling.c...
compiling printf.c...
compiling rtx.c...
compiling HAL.c...
compiling memory.c...
src\memory.c(18): warning:  #1296-D: extended constant initialiser used
src\memory.c(84): error:  #42: operand types are incompatible ("void *" and "unsigned int")
src\memory.c(84): error:  #42: operand types are incompatible ("void *" and "unsigned int")
Target not created
Rebuild target 'SVC SIM'
assembling startup_LPC17xx.s...
compiling main_svc.c...
compiling system_LPC17xx.c...
compiling uart_polling.c...
compiling printf.c...
compiling rtx.c...
compiling HAL.c...
compiling memory.c...
src\memory.c(18): warning:  #1296-D: extended constant initialiser used
src\memory.c(84): error:  #20: identifier "unsigned_int" is undefined
src\memory.c(84): error:  #18: expected a ")"
Target not created
Rebuild target 'SVC SIM'
assembling startup_LPC17xx.s...
compiling main_svc.c...
compiling system_LPC17xx.c...
compiling uart_polling.c...
compiling printf.c...
compiling rtx.c...
compiling HAL.c...
compiling memory.c...
src\memory.c(18): warning:  #1296-D: extended constant initialiser used
linking...
Program Size: Code=2340 RO-data=352 RW-data=28 ZI-data=516  
".\flash\SVC.axf" - 0 Error(s), 1 Warning(s).
Rebuild target 'SVC SIM'
assembling startup_LPC17xx.s...
compiling main_svc.c...
compiling system_LPC17xx.c...
compiling uart_polling.c...
compiling printf.c...
compiling rtx.c...
compiling HAL.c...
compiling memory.c...
src\memory.c(18): warning:  #1296-D: extended constant initialiser used
src\memory.c(33): error:  #20: identifier "END_OF_MEM" is undefined
src\memory.c(73): error:  #20: identifier "END_OF_MEM" is undefined
src\memory.c(85): error:  #20: identifier "END_OF_MEM" is undefined
Target not created
Rebuild target 'SVC SIM'
assembling startup_LPC17xx.s...
compiling main_svc.c...
compiling system_LPC17xx.c...
compiling uart_polling.c...
compiling printf.c...
compiling rtx.c...
compiling HAL.c...
compiling memory.c...
src\memory.c(18): warning:  #1296-D: extended constant initialiser used
src\memory.c(33): error:  #20: identifier "END_OF_MEM" is undefined
src\memory.c(73): error:  #20: identifier "END_OF_MEM" is undefined
src\memory.c(85): error:  #20: identifier "END_OF_MEM" is undefined
Target not created
Rebuild target 'SVC SIM'
assembling startup_LPC17xx.s...
compiling main_svc.c...
compiling system_LPC17xx.c...
compiling uart_polling.c...
compiling printf.c...
compiling rtx.c...
compiling HAL.c...
compiling memory.c...
src\memory.c(18): warning:  #1296-D: extended constant initialiser used
linking...
Program Size: Code=2340 RO-data=352 RW-data=28 ZI-data=516  
".\flash\SVC.axf" - 0 Error(s), 1 Warning(s).
