<html>
<body>
<pre>
<h1>µVision Build Log</h1>
<h2>Project:</h2>
N:\SE350\SVC\SVC.uvproj
Project File Date:  01/22/2014

<h2>Output:</h2>
Load "N:\\SE350\\SVC\\flash\\SVC.AXF" 
Erase Done.
Programming Done.
Verify OK.
Build target 'SVC SIM'
compiling rtx.c...
linking...
Program Size: Code=2340 RO-data=352 RW-data=28 ZI-data=516  
".\flash\SVC.axf" - 0 Error(s), 0 Warning(s).
Load "N:\\SE350\\SVC\\flash\\SVC.AXF" 
Erase Done.
Programming Done.
Verify OK.
Rebuild target 'SVC SIM'
assembling startup_LPC17xx.s...
compiling main_svc.c...
compiling system_LPC17xx.c...
compiling uart_polling.c...
compiling printf.c...
compiling rtx.c...
compiling HAL.c...
compiling memory.c...
src\memory.c(18): warning:  #1296-D: extended constant initialiser used
linking...
Program Size: Code=2340 RO-data=352 RW-data=28 ZI-data=516  
".\flash\SVC.axf" - 0 Error(s), 1 Warning(s).
Load "N:\\SE350\\SVC\\flash\\SVC.AXF" 
Erase Done.
Programming Done.
Verify OK.
Load "N:\\SE350\\SVC\\flash\\SVC.AXF" 
Erase Done.
Programming Done.
Verify OK.
Rebuild target 'SVC SIM'
assembling startup_LPC17xx.s...
compiling main_svc.c...
compiling system_LPC17xx.c...
compiling uart_polling.c...
compiling printf.c...
compiling rtx.c...
compiling HAL.c...
compiling memory.c...
src\memory.c(18): warning:  #1296-D: extended constant initialiser used
linking...
Program Size: Code=2336 RO-data=352 RW-data=28 ZI-data=516  
".\flash\SVC.axf" - 0 Error(s), 1 Warning(s).
Load "N:\\SE350\\SVC\\flash\\SVC.AXF" 
Erase Done.
Programming Done.
Verify OK.
Rebuild target 'SVC SIM'
assembling startup_LPC17xx.s...
compiling main_svc.c...
compiling system_LPC17xx.c...
compiling uart_polling.c...
compiling printf.c...
compiling rtx.c...
compiling HAL.c...
compiling memory.c...
src\memory.c(18): warning:  #1296-D: extended constant initialiser used
linking...
Program Size: Code=2340 RO-data=352 RW-data=28 ZI-data=516  
".\flash\SVC.axf" - 0 Error(s), 1 Warning(s).
Load "N:\\SE350\\SVC\\flash\\SVC.AXF" 
Erase Done.
Programming Done.
Verify OK.
