<html>
<body>
<pre>
<h1>µVision Build Log</h1>
<h2>Project:</h2>
N:\SE350\SVC\SVC.uvproj
Project File Date:  01/22/2014

<h2>Output:</h2>
Build target 'SVC RAM'
compiling main_svc.c...
compiling memory.c...
src\memory.c(18): warning:  #1296-D: extended constant initialiser used
linking...
Program Size: Code=2392 RO-data=236 RW-data=28 ZI-data=516  
".\RAM\SVC.axf" - 0 Error(s), 1 Warning(s).
Load "N:\\SE350\\SVC\\RAM\\SVC.AXF" 
No Algorithm found for: 000002FCH - 000002FFH
No Algorithm found for: 10000000H - 10000A5BH
Erase skipped!
Rebuild target 'SVC RAM'
assembling startup_LPC17xx.s...
compiling main_svc.c...
compiling system_LPC17xx.c...
compiling uart_polling.c...
compiling printf.c...
compiling rtx.c...
compiling HAL.c...
compiling memory.c...
src\memory.c(18): warning:  #1296-D: extended constant initialiser used
linking...
Program Size: Code=2392 RO-data=236 RW-data=28 ZI-data=516  
".\RAM\SVC.axf" - 0 Error(s), 1 Warning(s).
Load "N:\\SE350\\SVC\\RAM\\SVC.AXF" 
No Algorithm found for: 000002FCH - 000002FFH
No Algorithm found for: 10000000H - 10000A5BH
Erase skipped!
